../Core/Src/main.c:121:6:HAL_TIM_PeriodElapsedCallback	16	static
../Core/Src/main.c:141:5:main	536	static
../Core/Src/main.c:299:6:SystemClock_Config	88	static
../Core/Src/main.c:346:13:MX_ADC1_Init	24	static
../Core/Src/main.c:393:13:MX_CAN_Init	8	static
../Core/Src/main.c:430:13:MX_TIM1_Init	32	static
../Core/Src/main.c:476:13:MX_TIM2_Init	64	static
../Core/Src/main.c:535:13:MX_TIM3_Init	64	static
../Core/Src/main.c:598:13:MX_GPIO_Init	40	static
../Core/Src/main.c:642:6:Motor_Driver	8	static
../Core/Src/main.c:736:6:HAL_CAN_RxFifo0MsgPendingCallback	16	static
../Core/Src/main.c:748:5:Speed_Controller	24	static
../Core/Src/main.c:790:6:Error_Handler	4	static,ignoring_inline_asm
