../Core/Src/main.c:107:6:HAL_TIM_PeriodElapsedCallback	16	static
../Core/Src/main.c:127:5:main	536	static
../Core/Src/main.c:272:6:SystemClock_Config	72	static
../Core/Src/main.c:312:13:MX_CAN_Init	8	static
../Core/Src/main.c:349:13:MX_TIM1_Init	32	static
../Core/Src/main.c:395:13:MX_TIM2_Init	64	static
../Core/Src/main.c:454:13:MX_TIM3_Init	64	static
../Core/Src/main.c:517:13:MX_GPIO_Init	40	static
../Core/Src/main.c:555:6:Motor_Driver	8	static
../Core/Src/main.c:654:6:HAL_CAN_RxFifo0MsgPendingCallback	16	static
../Core/Src/main.c:671:6:Error_Handler	4	static,ignoring_inline_asm
